// Jest Snapshot v1, https://goo.gl/fbAQLP

exports[`test ItemList Component should render the component to match the snapshot 1`] = `ShallowWrapper {}`;
